nohup: ignoring input
Video root: /datasets/EgoLife
[6] frames: 30 from 1 clip(s)
[13] frames: 30 from 1 clip(s)
[16] frames: 30 from 1 clip(s)
[16] frames16: 16
[25] frames: 30 from 1 clip(s)
[25] frames16: 16
[26] frames: 30 from 1 clip(s)
[26] frames16: 16
[28] frames: 60 from 2 clip(s)
[34] frames: 30 from 1 clip(s)
[36] frames: 30 from 1 clip(s)
[42] frames: 30 from 1 clip(s)
[55] frames: 30 from 1 clip(s)
[56] frames: 30 from 1 clip(s)
[65] frames: 30 from 1 clip(s)
[67] frames: 30 from 1 clip(s)
[68] frames: 30 from 1 clip(s)
[72] frames: 60 from 2 clip(s)
[74] frames: 60 from 2 clip(s)
[76] frames: 30 from 1 clip(s)
[76] frames16: 16
[79] frames: 30 from 1 clip(s)
[80] frames: 30 from 1 clip(s)
[80] frames16: 16
[82] frames: 31 from 1 clip(s)
[86] frames: 60 from 2 clip(s)
[91] frames: 60 from 2 clip(s)
[92] frames: 30 from 1 clip(s)
[94] frames: 30 from 1 clip(s)
[98] frames: 61 from 2 clip(s)
[103] frames: 30 from 1 clip(s)
[103] frames16: 16
[106] frames: 63 from 3 clip(s)
[108] frames: 47 from 2 clip(s)
[109] frames: 30 from 1 clip(s)
[113] frames: 30 from 1 clip(s)
[114] frames: 30 from 1 clip(s)
[114] frames16: 16
[119] frames: 60 from 2 clip(s)
[125] frames: 30 from 1 clip(s)
[139] frames: 30 from 1 clip(s)
[140] frames: 30 from 1 clip(s)
[140] frames16: 16
[146] frames: 30 from 1 clip(s)
[146] frames16: 16
[149] frames: 30 from 1 clip(s)
[155] frames: 30 from 1 clip(s)
[155] frames16: 16
[156] frames: 31 from 1 clip(s)
[158] frames: 30 from 1 clip(s)
[160] frames: 30 from 1 clip(s)
[160] frames16: 16
[164] frames: 30 from 1 clip(s)
[168] frames: 30 from 1 clip(s)
[168] frames16: 16
[170] frames: 15 from 1 clip(s)
[172] frames: 30 from 1 clip(s)
[174] frames: 30 from 1 clip(s)
[175] frames: 30 from 1 clip(s)
[178] frames: 30 from 1 clip(s)
[181] frames: 30 from 1 clip(s)
[181] frames16: 16
[192] frames: 30 from 1 clip(s)
[192] frames16: 16
[193] frames: 30 from 1 clip(s)
[194] frames: 30 from 1 clip(s)
[196] frames: 30 from 1 clip(s)
[198] frames: 30 from 1 clip(s)
[206] frames: 60 from 2 clip(s)
[217] frames: 30 from 1 clip(s)
[224] frames: 30 from 1 clip(s)
[224] frames16: 16
[225] frames: 30 from 1 clip(s)
[229] frames: 30 from 1 clip(s)
[231] frames: 30 from 1 clip(s)
[245] frames: 60 from 2 clip(s)
[251] frames: 30 from 1 clip(s)
[254] frames: 30 from 1 clip(s)
[256] frames: 30 from 1 clip(s)
[258] frames: 30 from 1 clip(s)
[260] frames: 30 from 1 clip(s)
[260] frames16: 16
[263] frames: 30 from 1 clip(s)
[263] frames16: 16
[267] frames: 30 from 1 clip(s)
[275] frames: 30 from 1 clip(s)
[275] frames16: 16
[276] frames: 30 from 1 clip(s)
[276] frames16: 16
[283] frames: 30 from 1 clip(s)
[286] frames: 30 from 1 clip(s)
[293] frames: 30 from 1 clip(s)
[293] frames16: 16
[294] frames: 30 from 1 clip(s)
[294] frames16: 16
[296] frames: 30 from 1 clip(s)
[296] frames16: 16
[307] frames: 30 from 1 clip(s)
[308] frames: 30 from 1 clip(s)
[314] frames: 30 from 1 clip(s)
[334] frames: 30 from 1 clip(s)
[334] frames16: 16
[335] frames: 30 from 1 clip(s)
[337] frames: 30 from 1 clip(s)
[337] frames16: 16
[352] frames: 30 from 1 clip(s)
[352] frames16: 16
[354] frames: 30 from 1 clip(s)
[354] frames16: 16
[357] frames: 30 from 1 clip(s)
[360] frames: 30 from 1 clip(s)
[360] frames16: 16
[366] frames: 30 from 1 clip(s)
[369] frames: 19 from 1 clip(s)
[369] frames16: 16
[371] frames: 30 from 1 clip(s)
[374] frames: 30 from 1 clip(s)
[377] frames: 30 from 1 clip(s)
[377] frames16: 16
[380] frames: 30 from 1 clip(s)
[380] frames16: 16
[382] frames: 30 from 1 clip(s)
[383] frames: 30 from 1 clip(s)
[383] frames16: 16
[392] frames: 30 from 1 clip(s)
[392] frames16: 16
[393] frames: 30 from 1 clip(s)
[393] frames16: 16
[402] frames: 30 from 1 clip(s)
[403] frames: 30 from 1 clip(s)
[408] frames: 30 from 1 clip(s)
[409] frames: 30 from 1 clip(s)
[409] frames16: 16
[414] frames: 30 from 1 clip(s)
[417] frames: 30 from 1 clip(s)
[417] frames16: 16
[429] frames: 30 from 1 clip(s)
[430] frames: 31 from 1 clip(s)
[430] frames16: 16
[438] frames: 30 from 1 clip(s)
[438] frames16: 16
[445] frames: 30 from 1 clip(s)
[445] frames16: 16
[448] frames: 30 from 1 clip(s)
[459] frames: 30 from 1 clip(s)
[459] frames16: 16
[465] frames: 30 from 1 clip(s)
[469] frames: 30 from 1 clip(s)
[471] frames: 30 from 1 clip(s)
[473] frames: 30 from 1 clip(s)
[476] frames: 30 from 1 clip(s)
[479] frames: 30 from 1 clip(s)
[481] frames: 30 from 1 clip(s)
[485] frames: 30 from 1 clip(s)
[486] frames: 30 from 1 clip(s)
[493] frames: 30 from 1 clip(s)
[495] frames: 60 from 2 clip(s)
[496] frames: 30 from 1 clip(s)
[497] frames: 30 from 1 clip(s)
[497] frames16: 16
done: 120 | skipped (already cached): 0
