
=== 2026-09-27 17:29:57  0. preflight ===================================================
pool      : /home/minyoy/WorldMM/experiments/gaze_crop/pool_all.json  (6223 clips / 500 questions)
arms      : center@0.5, gazef_05_randf  (비교 대상 full, gazef@0.5)
tolerance : 0 60
gpus      : 1 <- center@0.5,  2 <- gazef_05_randf  (병렬, arm 로그는 별도 파일)
log       : /home/minyoy/WorldMM/experiments/gaze_crop/logs/controls_20260927_172957.log

=== 2026-09-27 17:29:58  1. randf 좌표 파일 ===================================================
  (다시 만든다)
pseudo gaze (random-frames) for 6223 clips -> /home/minyoy/WorldMM/experiments/gaze_crop/gaze_random_frames.json

=== 2026-09-27 17:30:10  2. arm 임베딩 (center = 자르기 효과, randf = 움직임 효과) ===================================================
  gpu 1: center@0.5  -> /home/minyoy/WorldMM/experiments/gaze_crop/logs/controls_20260927_172957_center.log
  gpu 2: gazef_05_randf -> /home/minyoy/WorldMM/experiments/gaze_crop/logs/controls_20260927_172957_randf.log
  ... 5600/5600 clips, 0.55 clip/s (0.55 embeddings/s), ETA 0 min, checkpointed
[center@0.5] 6223 embeddings -> /home/minyoy/WorldMM/experiments/gaze_crop/emb/center_05.npz
5600 clips x 1 arm(s) in 168.7 min = 1.81 s/clip. Scale that to your real pool: a 6,223-clip pool would take 3.1 h at this rate.
  ... 6200/6223 clips, 0.56 clip/s (0.56 embeddings/s), ETA 1 min, checkpointed
[gazef@0.5] 6223 embeddings -> /home/minyoy/WorldMM/experiments/gaze_crop/emb/gazef_05_randf.npz
6223 clips x 1 arm(s) in 185.4 min = 1.79 s/clip. Scale that to your real pool: a 6,223-clip pool would take 3.1 h at this rate.
  ok: 실험군 arm 은 여전히 /home/minyoy/WorldMM/experiments/gaze_crop/gaze_points.json 로 만들어진 것

=== 2026-09-27 20:35:41  3. recall, 4 arms x tolerance {0 60} ===================================================
arms: ['full', 'center_05', 'gazef_05', 'gazef_05_randf']  (dim 1536)
  full: 6223 clips
  center_05: 6223 clips
  gazef_05: 6222 clips
  gazef_05_randf: 6223 clips

questions: 500 | scorable in every arm: 487
  full: 13 unscorable (target clip has no embedding in this arm, or nothing was visible yet)
  center_05: 13 unscorable (target clip has no embedding in this arm, or nothing was visible yet)
  gazef_05: 13 unscorable (target clip has no embedding in this arm, or nothing was visible yet)
  gazef_05_randf: 13 unscorable (target clip has no embedding in this arm, or nothing was visible yet)

recall@k over 487 questions (union over the question's queries)
           arm | @1       | @3       | @5       | @10      | @20      | @50      | med.rank
-------------------------------------------------------------------------------------------
          full |    1.2% |    3.1% |    4.5% |    8.4% |   12.7% |   23.4% |      289
     center_05 |    1.6% |    4.7% |    6.8% |   11.3% |   16.6% |   25.9% |      245
      gazef_05 |    2.5% |    5.1% |    6.4% |   12.7% |   17.5% |   28.1% |      249
gazef_05_randf |    1.0% |    4.1% |    5.5% |    8.6% |   12.3% |   22.8% |      292
        chance |   0.11% |   0.34% |   0.57% |   1.14% |   2.27% |   5.39% |     1273
                 (targets/question median 1, visible pool median 2621, tolerance 0s)

paired comparisons at k=3  (win = only this arm found the target)
  full - center_05:  -1.6pp  (full only 6, center_05 only 14, discordant 20)  McNemar p=0.115  <- not significant
  full - gazef_05:  -2.1pp  (full only 9, gazef_05 only 19, discordant 28)  McNemar p=0.087  <- not significant
  full - gazef_05_randf:  -1.0pp  (full only 8, gazef_05_randf only 13, discordant 21)  McNemar p=0.383  <- not significant
  center_05 - gazef_05:  -0.4pp  (center_05 only 14, gazef_05 only 16, discordant 30)  McNemar p=0.856  <- not significant
  center_05 - gazef_05_randf:  +0.6pp  (center_05 only 15, gazef_05_randf only 12, discordant 27)  McNemar p=0.701  <- not significant
  gazef_05 - gazef_05_randf:  +1.0pp  (gazef_05 only 17, gazef_05_randf only 12, discordant 29)  McNemar p=0.458  <- not significant

recall@3 by need_audio / type / gap  (need_audio=True questions are the ones oracle frames could not fix either)
  need_audio
           False (n=287)  full   3.8%  center_05   6.3%  gazef_05   5.2%  gazef_05_randf   3.8%
            True (n=200)  full   2.0%  center_05   2.5%  gazef_05   5.0%  gazef_05_randf   4.5%
  type
       EntityLog (n=122)  full   4.1%  center_05   4.9%  gazef_05   4.1%  gazef_05_randf   0.8%
     EventRecall (n=122)  full   3.3%  center_05   4.9%  gazef_05   4.1%  gazef_05_randf   2.5%
    HabitInsight (n= 61)  full   3.3%  center_05   1.6%  gazef_05   3.3%  gazef_05_randf   6.6%
     RelationMap (n=121)  full   3.3%  center_05   7.4%  gazef_05   8.3%  gazef_05_randf   7.4%
      TaskMaster (n= 61)  full   0.0%  center_05   1.6%  gazef_05   4.9%  gazef_05_randf   4.9%
  gap_bin
               0 (n=304)  full   3.9%  center_05   5.6%  gazef_05   5.3%  gazef_05_randf   4.9%
               1 (n= 94)  full   2.1%  center_05   3.2%  gazef_05   3.2%  gazef_05_randf   2.1%
              2+ (n= 89)  full   1.1%  center_05   3.4%  gazef_05   6.7%  gazef_05_randf   3.4%

wrote /home/minyoy/WorldMM/experiments/gaze_crop/results/recall_arms_tol0.json
wrote /home/minyoy/WorldMM/experiments/gaze_crop/analysis/recall_arms_tol0.md
arms: ['full', 'center_05', 'gazef_05', 'gazef_05_randf']  (dim 1536)
  full: 6223 clips
  center_05: 6223 clips
  gazef_05: 6222 clips
  gazef_05_randf: 6223 clips

target tolerance 60s: targets per question went 1 -> 5 (median), max 30. Recall below is NOT comparable to the strict table; use the chance column.

questions: 500 | scorable in every arm: 500

recall@k over 500 questions (union over the question's queries)
           arm | @1       | @3       | @5       | @10      | @20      | @50      | med.rank
-------------------------------------------------------------------------------------------
          full |    4.8% |    9.2% |   11.8% |   20.4% |   26.8% |   39.6% |       99
     center_05 |    5.4% |   10.8% |   15.0% |   22.0% |   30.0% |   42.4% |       81
      gazef_05 |    7.2% |   13.4% |   17.4% |   25.4% |   33.2% |   44.4% |       76
gazef_05_randf |    4.4% |   11.2% |   14.2% |   19.6% |   28.2% |   40.4% |       87
        chance |   0.55% |   1.60% |   2.58% |   4.84% |   8.75% |  17.92% |      428
                 (targets/question median 5, visible pool median 2585, tolerance 60s)

paired comparisons at k=3  (win = only this arm found the target)
  full - center_05:  -1.6pp  (full only 20, center_05 only 28, discordant 48)  McNemar p=0.312  <- not significant
  full - gazef_05:  -4.2pp  (full only 17, gazef_05 only 38, discordant 55)  McNemar p=0.006
  full - gazef_05_randf:  -2.0pp  (full only 16, gazef_05_randf only 26, discordant 42)  McNemar p=0.164  <- not significant
  center_05 - gazef_05:  -2.6pp  (center_05 only 17, gazef_05 only 30, discordant 47)  McNemar p=0.079  <- not significant
  center_05 - gazef_05_randf:  -0.4pp  (center_05 only 24, gazef_05_randf only 26, discordant 50)  McNemar p=0.888  <- not significant
  gazef_05 - gazef_05_randf:  +2.2pp  (gazef_05 only 32, gazef_05_randf only 21, discordant 53)  McNemar p=0.169  <- not significant

recall@3 by need_audio / type / gap  (need_audio=True questions are the ones oracle frames could not fix either)
  need_audio
           False (n=298)  full  12.4%  center_05  14.8%  gazef_05  15.1%  gazef_05_randf  11.7%
            True (n=202)  full   4.5%  center_05   5.0%  gazef_05  10.9%  gazef_05_randf  10.4%
  type
       EntityLog (n=125)  full   9.6%  center_05  12.0%  gazef_05  12.8%  gazef_05_randf   8.0%
     EventRecall (n=126)  full   5.6%  center_05  10.3%  gazef_05  10.3%  gazef_05_randf   7.9%
    HabitInsight (n= 61)  full  11.5%  center_05   1.6%  gazef_05   6.6%  gazef_05_randf   8.2%
     RelationMap (n=125)  full  14.4%  center_05  17.6%  gazef_05  21.6%  gazef_05_randf  18.4%
      TaskMaster (n= 63)  full   3.2%  center_05   4.8%  gazef_05  11.1%  gazef_05_randf  12.7%
  gap_bin
               0 (n=314)  full  10.2%  center_05  12.1%  gazef_05  15.9%  gazef_05_randf  12.1%
               1 (n= 94)  full   4.3%  center_05   7.4%  gazef_05   7.4%  gazef_05_randf   7.4%
              2+ (n= 92)  full  10.9%  center_05   9.8%  gazef_05  10.9%  gazef_05_randf  12.0%

wrote /home/minyoy/WorldMM/experiments/gaze_crop/results/recall_arms_tol60.json
wrote /home/minyoy/WorldMM/experiments/gaze_crop/analysis/recall_arms_tol60.md

=== 2026-09-27 20:36:03  4. digest ===================================================
# gaze-crop 실험 다이제스트

### 헤드라인

가장 검정력 높은 측정: **★★ 대조군 포함 4 arm, 500문항, tolerance 60s** — 500문항, tolerance 60s (정답 칸이 늘어나므로 엄격 표와 직접 비교 금지) (`results/recall_arms_tol60.json`)
  - k=3: `center_05` 가 `full` 보다 **+1.6pp** (불일치 48건, p=0.312 — **유의하지 않음**)
  - k=3: `gazef_05` 가 `full` 보다 **+4.2pp** (불일치 55건, p=0.006)
  - k=3: `gazef_05_randf` 가 `full` 보다 **+2.0pp** (불일치 42건, p=0.164 — **유의하지 않음**)
  - k=3: `gazef_05` 가 `center_05` 보다 **+2.6pp** (불일치 47건, p=0.079 — **유의하지 않음**)
  - k=3: `gazef_05_randf` 가 `center_05` 보다 **+0.4pp** (불일치 50건, p=0.888 — **유의하지 않음**)
  - k=3: `gazef_05` 가 `gazef_05_randf` 보다 **+2.2pp** (불일치 53건, p=0.169 — **유의하지 않음**)
같은 비교, 엄격 채점(tol 0s): **★★ 대조군 포함 4 arm, 500문항, tolerance 0s (엄격)** — 487문항, tolerance 0s (엄격: EgoLife 가 태그한 30초 칸만 정답) (`results/recall_arms_tol0.json`)
  - k=3: `center_05` 가 `full` 보다 **+1.6pp** (불일치 20건, p=0.115 — **유의하지 않음**)
  - k=3: `gazef_05` 가 `full` 보다 **+2.1pp** (불일치 28건, p=0.087 — **유의하지 않음**)
  - k=3: `gazef_05_randf` 가 `full` 보다 **+1.0pp** (불일치 21건, p=0.383 — **유의하지 않음**)
  - k=3: `gazef_05` 가 `center_05` 보다 **+0.4pp** (불일치 30건, p=0.856 — **유의하지 않음**)
  - k=3: `center_05` 가 `gazef_05_randf` 보다 **+0.6pp** (불일치 27건, p=0.701 — **유의하지 않음**)
  - k=3: `gazef_05` 가 `gazef_05_randf` 보다 **+1.0pp** (불일치 29건, p=0.458 — **유의하지 않음**)

### gaze→이미지 transform

- 실제로 쓴 값: **flipx+flipy** (사람이 고름; 근거 이미지는 `overlay/`, `variants/`)

### 1단계 recall (623클립 풀, 120문항, 질문 질의)

pool pool.json, 120/120 문항 채점, tolerance 0s (엄격: EgoLife 가 태그한 30초 칸만 정답) **[파일에 기록 없음 — 실행 명령에서 추정]**

| arm | R@1 | R@3 | R@5 | R@10 | R@20 | R@50 | median rank |
|---|---|---|---|---|---|---|---|
| `center_05` | 0.8% | 3.3% | 5.0% | 7.5% | 12.5% | 22.5% | 118 |
| `full` | 0.8% | 2.5% | 2.5% | 6.7% | 15.8% | 27.5% | 114 |
| `gaze_05` | 0.8% | 2.5% | 3.3% | 6.7% | 12.5% | 26.7% | 98 |
| `gazef_05` | 1.7% | 3.3% | 4.2% | 7.5% | 12.5% | 28.3% | 109 |
| `gazef_05_rand` | 0.8% | 2.5% | 2.5% | 5.8% | 7.5% | 24.2% | 120 |
| `pkl` | 1.7% | 1.7% | 4.2% | 8.3% | 14.2% | 30.8% | 111 |

paired diff at k=3:
- `center_05` − `full` = **+0.8pp** (center_05 only 1, full only 0 (옛 형식: 정확검정 p값 없음))
- `center_05` − `gaze_05` = **+0.8pp** (center_05 only 2, gaze_05 only 1 (옛 형식: 정확검정 p값 없음))
- `center_05` − `gazef_05` = **+0.0pp** (center_05 only 1, gazef_05 only 1 (옛 형식: 정확검정 p값 없음))
- `center_05` − `gazef_05_rand` = **+0.8pp** (center_05 only 2, gazef_05_rand only 1 (옛 형식: 정확검정 p값 없음))
- `center_05` − `pkl` = **+1.7pp** (center_05 only 2, pkl only 0 (옛 형식: 정확검정 p값 없음))
- `full` − `gaze_05` = **+0.0pp** (full only 1, gaze_05 only 1 (옛 형식: 정확검정 p값 없음))
- `full` − `gazef_05` = **-0.8pp** (full only 0, gazef_05 only 1 (옛 형식: 정확검정 p값 없음))
- `full` − `gazef_05_rand` = **+0.0pp** (full only 1, gazef_05_rand only 1 (옛 형식: 정확검정 p값 없음))
- `full` − `pkl` = **+0.8pp** (full only 1, pkl only 0 (옛 형식: 정확검정 p값 없음))
- `gaze_05` − `gazef_05` = **-0.8pp** (gaze_05 only 1, gazef_05 only 2 (옛 형식: 정확검정 p값 없음))
- `gaze_05` − `gazef_05_rand` = **+0.0pp** (gaze_05 only 1, gazef_05_rand only 1 (옛 형식: 정확검정 p값 없음))
- `gaze_05` − `pkl` = **+0.8pp** (gaze_05 only 1, pkl only 0 (옛 형식: 정확검정 p값 없음))
- `gazef_05` − `gazef_05_rand` = **+0.8pp** (gazef_05 only 2, gazef_05_rand only 1 (옛 형식: 정확검정 p값 없음))
- `gazef_05` − `pkl` = **+1.7pp** (gazef_05 only 2, pkl only 0 (옛 형식: 정확검정 p값 없음))
- `gazef_05_rand` − `pkl` = **+0.8pp** (gazef_05_rand only 1, pkl only 0 (옛 형식: 정확검정 p값 없음))

need_audio 분해 (False 행이 실제 여유분):
- False (n=70): center_05 2.9%, full 1.4%, gaze_05 1.4%, gazef_05 1.4%, gazef_05_rand 1.4%, pkl 1.4%
- True (n=50): center_05 4.0%, full 4.0%, gaze_05 4.0%, gazef_05 6.0%, gazef_05_rand 4.0%, pkl 2.0%

### 1단계 recall (623클립 풀, 120문항, 키워드 질의)

pool pool.json, 120/120 문항 채점, tolerance 0s (엄격: EgoLife 가 태그한 30초 칸만 정답) **[파일에 기록 없음 — 실행 명령에서 추정]**

| arm | R@1 | R@3 | R@5 | R@10 | R@20 | R@50 | median rank |
|---|---|---|---|---|---|---|---|
| `center_05` | 8.3% | 19.2% | 22.5% | 30.8% | 36.7% | 53.3% | 35 |
| `full` | 10.8% | 12.5% | 15.0% | 26.7% | 36.7% | 50.8% | 48 |
| `gaze_05` | 10.8% | 17.5% | 20.0% | 27.5% | 39.2% | 57.5% | 31 |
| `gazef_05` | 8.3% | 15.0% | 20.0% | 30.0% | 38.3% | 53.3% | 41 |
| `gazef_05_rand` | 7.5% | 11.7% | 17.5% | 28.3% | 34.2% | 49.2% | 53 |
| `pkl` | 10.0% | 16.7% | 18.3% | 28.3% | 36.7% | 51.7% | 47 |

paired diff at k=3:
- `center_05` − `full` = **+6.7pp** (center_05 only 10, full only 2 (옛 형식: 정확검정 p값 없음))
- `center_05` − `gaze_05` = **+1.7pp** (center_05 only 6, gaze_05 only 4 (옛 형식: 정확검정 p값 없음))
- `center_05` − `gazef_05` = **+4.2pp** (center_05 only 8, gazef_05 only 3 (옛 형식: 정확검정 p값 없음))
- `center_05` − `gazef_05_rand` = **+7.5pp** (center_05 only 11, gazef_05_rand only 2 (옛 형식: 정확검정 p값 없음))
- `center_05` − `pkl` = **+2.5pp** (center_05 only 9, pkl only 6 (옛 형식: 정확검정 p값 없음))
- `full` − `gaze_05` = **-5.0pp** (full only 2, gaze_05 only 8 (옛 형식: 정확검정 p값 없음))
- `full` − `gazef_05` = **-2.5pp** (full only 2, gazef_05 only 5 (옛 형식: 정확검정 p값 없음))
- `full` − `gazef_05_rand` = **+0.8pp** (full only 6, gazef_05_rand only 5 (옛 형식: 정확검정 p값 없음))
- `full` − `pkl` = **-4.2pp** (full only 0, pkl only 5 (옛 형식: 정확검정 p값 없음))
- `gaze_05` − `gazef_05` = **+2.5pp** (gaze_05 only 6, gazef_05 only 3 (옛 형식: 정확검정 p값 없음))
- `gaze_05` − `gazef_05_rand` = **+5.8pp** (gaze_05 only 9, gazef_05_rand only 2 (옛 형식: 정확검정 p값 없음))
- `gaze_05` − `pkl` = **+0.8pp** (gaze_05 only 6, pkl only 5 (옛 형식: 정확검정 p값 없음))
- `gazef_05` − `gazef_05_rand` = **+3.3pp** (gazef_05 only 9, gazef_05_rand only 5 (옛 형식: 정확검정 p값 없음))
- `gazef_05` − `pkl` = **-1.7pp** (gazef_05 only 4, pkl only 6 (옛 형식: 정확검정 p값 없음))
- `gazef_05_rand` − `pkl` = **-5.0pp** (gazef_05_rand only 5, pkl only 11 (옛 형식: 정확검정 p값 없음))

need_audio 분해 (False 행이 실제 여유분):
- False (n=70): center_05 25.7%, full 18.6%, gaze_05 25.7%, gazef_05 21.4%, gazef_05_rand 14.3%, pkl 24.3%
- True (n=50): center_05 10.0%, full 4.0%, gaze_05 6.0%, gazef_05 6.0%, gazef_05_rand 8.0%, pkl 6.0%

### 2단계 recall (6,223클립 = 실제 인덱스, 120문항, tol 0s)

pool pool_all.json, 120/120 문항 채점, tolerance 0s (엄격: EgoLife 가 태그한 30초 칸만 정답) **[파일에 기록 없음 — 실행 명령에서 추정]**

| arm | R@1 | R@3 | R@5 | R@10 | R@20 | R@50 | median rank |
|---|---|---|---|---|---|---|---|
| `full` | 0.0% | 0.8% | 0.8% | 1.7% | 2.5% | 3.3% | 878 |
| `gazef_05` | 0.8% | 0.8% | 1.7% | 2.5% | 2.5% | 5.8% | 909 |

paired diff at k=3:
- `full` − `gazef_05` = **+0.0pp** (불일치 2개 중 full 1 : gazef_05 1, p=1.000 — **유의하지 않음**)

need_audio 분해 (False 행이 실제 여유분):
- False (n=70): full 1.4%, gazef_05 0.0%
- True (n=50): full 0.0%, gazef_05 2.0%

### 같은 120문항, tolerance 60s

pool pool_all.json, 120/120 문항 채점, tolerance 60s (정답 칸이 늘어나므로 엄격 표와 직접 비교 금지) **[파일에 기록 없음 — 실행 명령에서 추정]**

| arm | R@1 | R@3 | R@5 | R@10 | R@20 | R@50 | median rank |
|---|---|---|---|---|---|---|---|
| `full` | 0.0% | 0.8% | 0.8% | 3.3% | 6.7% | 11.7% | 415 |
| `gazef_05` | 0.8% | 4.2% | 4.2% | 5.0% | 7.5% | 12.5% | 368 |

paired diff at k=3:
- `full` − `gazef_05` = **-3.3pp** (불일치 4개 중 full 0 : gazef_05 4, p=0.125 — **유의하지 않음**)

need_audio 분해 (False 행이 실제 여유분):
- False (n=70): full 1.4%, gazef_05 2.9%
- True (n=50): full 0.0%, gazef_05 6.0%

### held-out 380문항 (120문항 제외), tolerance 0s

pool pool_holdout.json, 367/380 문항 채점, tolerance 0s (엄격: EgoLife 가 태그한 30초 칸만 정답) **[파일에 기록 없음 — 실행 명령에서 추정]**

| arm | R@1 | R@3 | R@5 | R@10 | R@20 | R@50 | median rank |
|---|---|---|---|---|---|---|---|
| `full` | 1.6% | 3.8% | 5.7% | 10.6% | 16.1% | 30.0% | 204 |
| `gazef_05` | 3.0% | 6.5% | 7.9% | 16.1% | 22.3% | 35.4% | 142 |

paired diff at k=3:
- `full` − `gazef_05` = **-2.7pp** (불일치 26개 중 full 8 : gazef_05 18, p=0.076 — **유의하지 않음**)

need_audio 분해 (False 행이 실제 여유분):
- False (n=217): full 4.6%, gazef_05 6.9%
- True (n=150): full 2.7%, gazef_05 6.0%

### held-out 380문항, tolerance 60s

pool pool_holdout.json, 380/380 문항 채점, tolerance 60s (정답 칸이 늘어나므로 엄격 표와 직접 비교 금지) **[파일에 기록 없음 — 실행 명령에서 추정]**

| arm | R@1 | R@3 | R@5 | R@10 | R@20 | R@50 | median rank |
|---|---|---|---|---|---|---|---|
| `full` | 6.3% | 11.8% | 15.3% | 25.8% | 33.2% | 48.4% | 57 |
| `gazef_05` | 9.2% | 16.3% | 21.6% | 31.8% | 41.3% | 54.5% | 35 |

paired diff at k=3:
- `full` − `gazef_05` = **-4.5pp** (불일치 51개 중 full 17 : gazef_05 34, p=0.024)

need_audio 분해 (False 행이 실제 여유분):
- False (n=228): full 15.8%, gazef_05 18.9%
- True (n=152): full 5.9%, gazef_05 12.5%

### ★ A1_JAKE 500문항 전부 (6,223클립), tolerance 0s (엄격)

pool pool_all.json, 487/500 문항 채점, tolerance 0s (엄격: EgoLife 가 태그한 30초 칸만 정답)

| arm | R@1 | R@3 | R@5 | R@10 | R@20 | R@50 | median rank |
|---|---|---|---|---|---|---|---|
| `full` | 1.2% | 3.1% | 4.5% | 8.4% | 12.7% | 23.4% | 289 |
| `gazef_05` | 2.5% | 5.1% | 6.4% | 12.7% | 17.5% | 28.1% | 249 |
| _chance_ | _0.11%_ | _0.34%_ | _0.57%_ | _1.14%_ | _2.27%_ | _5.39%_ | _1273_ |

paired diff at k=3:
- `full` − `gazef_05` = **-2.1pp** (불일치 28개 중 full 9 : gazef_05 19, p=0.087 — **유의하지 않음**)

need_audio 분해 (False 행이 실제 여유분):
- False (n=287): full 3.8%, gazef_05 5.2%
- True (n=200): full 2.0%, gazef_05 5.0%

### ★ A1_JAKE 500문항 전부 (6,223클립), tolerance 60s

pool pool_all.json, 500/500 문항 채점, tolerance 60s (정답 칸이 늘어나므로 엄격 표와 직접 비교 금지) **[파일에 기록 없음 — 실행 명령에서 추정]**

| arm | R@1 | R@3 | R@5 | R@10 | R@20 | R@50 | median rank |
|---|---|---|---|---|---|---|---|
| `full` | 4.8% | 9.2% | 11.8% | 20.4% | 26.8% | 39.6% | 99 |
| `gazef_05` | 7.2% | 13.4% | 17.4% | 25.4% | 33.2% | 44.4% | 76 |

paired diff at k=3:
- `full` − `gazef_05` = **-4.2pp** (불일치 55개 중 full 17 : gazef_05 38, p=0.006)

need_audio 분해 (False 행이 실제 여유분):
- False (n=298): full 12.4%, gazef_05 15.1%
- True (n=202): full 4.5%, gazef_05 10.9%

### ★★ 대조군 포함 4 arm, 500문항, tolerance 0s (엄격)

pool pool_all.json, 487/500 문항 채점, tolerance 0s (엄격: EgoLife 가 태그한 30초 칸만 정답)

| arm | R@1 | R@3 | R@5 | R@10 | R@20 | R@50 | median rank |
|---|---|---|---|---|---|---|---|
| `full` | 1.2% | 3.1% | 4.5% | 8.4% | 12.7% | 23.4% | 289 |
| `center_05` | 1.6% | 4.7% | 6.8% | 11.3% | 16.6% | 25.9% | 245 |
| `gazef_05` | 2.5% | 5.1% | 6.4% | 12.7% | 17.5% | 28.1% | 249 |
| `gazef_05_randf` | 1.0% | 4.1% | 5.5% | 8.6% | 12.3% | 22.8% | 292 |
| _chance_ | _0.11%_ | _0.34%_ | _0.57%_ | _1.14%_ | _2.27%_ | _5.39%_ | _1273_ |

paired diff at k=3:
- `full` − `center_05` = **-1.6pp** (불일치 20개 중 full 6 : center_05 14, p=0.115 — **유의하지 않음**)
- `full` − `gazef_05` = **-2.1pp** (불일치 28개 중 full 9 : gazef_05 19, p=0.087 — **유의하지 않음**)
- `full` − `gazef_05_randf` = **-1.0pp** (불일치 21개 중 full 8 : gazef_05_randf 13, p=0.383 — **유의하지 않음**)
- `center_05` − `gazef_05` = **-0.4pp** (불일치 30개 중 center_05 14 : gazef_05 16, p=0.856 — **유의하지 않음**)
- `center_05` − `gazef_05_randf` = **+0.6pp** (불일치 27개 중 center_05 15 : gazef_05_randf 12, p=0.701 — **유의하지 않음**)
- `gazef_05` − `gazef_05_randf` = **+1.0pp** (불일치 29개 중 gazef_05 17 : gazef_05_randf 12, p=0.458 — **유의하지 않음**)

need_audio 분해 (False 행이 실제 여유분):
- False (n=287): full 3.8%, center_05 6.3%, gazef_05 5.2%, gazef_05_randf 3.8%
- True (n=200): full 2.0%, center_05 2.5%, gazef_05 5.0%, gazef_05_randf 4.5%

### ★★ 대조군 포함 4 arm, 500문항, tolerance 60s

pool pool_all.json, 500/500 문항 채점, tolerance 60s (정답 칸이 늘어나므로 엄격 표와 직접 비교 금지)

| arm | R@1 | R@3 | R@5 | R@10 | R@20 | R@50 | median rank |
|---|---|---|---|---|---|---|---|
| `full` | 4.8% | 9.2% | 11.8% | 20.4% | 26.8% | 39.6% | 99 |
| `center_05` | 5.4% | 10.8% | 15.0% | 22.0% | 30.0% | 42.4% | 81 |
| `gazef_05` | 7.2% | 13.4% | 17.4% | 25.4% | 33.2% | 44.4% | 76 |
| `gazef_05_randf` | 4.4% | 11.2% | 14.2% | 19.6% | 28.2% | 40.4% | 87 |
| _chance_ | _0.55%_ | _1.60%_ | _2.58%_ | _4.84%_ | _8.75%_ | _17.92%_ | _428_ |

paired diff at k=3:
- `full` − `center_05` = **-1.6pp** (불일치 48개 중 full 20 : center_05 28, p=0.312 — **유의하지 않음**)
- `full` − `gazef_05` = **-4.2pp** (불일치 55개 중 full 17 : gazef_05 38, p=0.006)
- `full` − `gazef_05_randf` = **-2.0pp** (불일치 42개 중 full 16 : gazef_05_randf 26, p=0.164 — **유의하지 않음**)
- `center_05` − `gazef_05` = **-2.6pp** (불일치 47개 중 center_05 17 : gazef_05 30, p=0.079 — **유의하지 않음**)
- `center_05` − `gazef_05_randf` = **-0.4pp** (불일치 50개 중 center_05 24 : gazef_05_randf 26, p=0.888 — **유의하지 않음**)
- `gazef_05` − `gazef_05_randf` = **+2.2pp** (불일치 53개 중 gazef_05 32 : gazef_05_randf 21, p=0.169 — **유의하지 않음**)

need_audio 분해 (False 행이 실제 여유분):
- False (n=298): full 12.4%, center_05 14.8%, gazef_05 15.1%, gazef_05_randf 11.7%
- True (n=202): full 4.5%, center_05 5.0%, gazef_05 10.9%, gazef_05_randf 10.4%

### 2단계 정확도 (조건 E′, 인덱스만 교체)

| arm | 정확도 |
|---|---|
| _B (텍스트만)_ | _40.8%_ |
| _E (에이전트 자율)_ | _41.7%_ |
| _E' (저자 임베딩, visual 강제)_ | _45.8%_ |
| `full_k20` | **46.7%** |
| `full_k3` | **45.0%** |
| `gazef_05_k20` | **45.0%** |
| `gazef_05_k3` | **45.0%** |

- k=3: `gazef_05` − `full` = **+0.0pp** (같은 풀·같은 플래그·같은 k의 자체 대조)
- k=20: `gazef_05` − `full` = **-1.7pp** (같은 풀·같은 플래그·같은 k의 자체 대조)

- ⚠ 이 정확도는 visual_bottleneck 의 120문항 subset 에서만 잰 값이다. 그 표본에서는 두 arm 의 recall@3 이 거의 0 이라(위 120문항 블록) 정확도가 달라질 재료 자체가 없다. recall 이득이 있는 문항에서 재려면 나머지 380문항에 조건 B 를 먼저 돌려 `visual_bottleneck/text_context/` 를 채워야 한다 (README 3.5, 6-4).

파서 확인: `python experiments/gaze_crop/rescore.py /home/minyoy/WorldMM/experiments/gaze_crop/results_qa/*/E_prime.json`


wrote /home/minyoy/WorldMM/experiments/gaze_crop/analysis/DIGEST.md

--------------------------------------------------------------------------
읽는 법 (k=3, 같은 문항·같은 질의·같은 candidate set):

  gazef > center  그리고  gazef > randf   -> 시선의 순간 위치가 정보다
  gazef ~ randf  > center                 -> 이득은 박스가 움직인 것 자체 (시선은 부수적)
  gazef ~ center                          -> 이득은 자르기 자체. gaze 는 접는다

판정은 이 두 쌍(gazef-center, gazef-randf)만 본다. arm 4개면 pair 가 6개이고,
6개를 다 보고 이긴 쌍을 고르면 그게 다중비교다. 불일치 건수가 6건 미만인 쌍은
방향이 한쪽으로 몰려도 p<0.05 가 될 수 없으니 "차이 없음"이 아니라 "검정력 부족"이다.
--------------------------------------------------------------------------

=== 2026-09-27 20:36:05  2026-09-27 20:36:05  controls done. log: /home/minyoy/WorldMM/experiments/gaze_crop/logs/controls_20260927_172957.log ===================================================
