################ tolerance 0s ################
arms: ['full', 'gazef_05']  (dim 1536)
  full: 6223 clips
  gazef_05: 6222 clips

questions: 120 | scorable in every arm: 120

recall@k over 120 questions (union over the question's queries)
           arm | @1       | @3       | @5       | @10      | @20      | @50      | med.rank
-------------------------------------------------------------------------------------------
          full |    0.0% |    0.8% |    0.8% |    1.7% |    2.5% |    3.3% |      878
      gazef_05 |    0.8% |    0.8% |    1.7% |    2.5% |    2.5% |    5.8% |      909
        chance |   0.10% |   0.29% |   0.48% |   0.95% |   1.91% |   4.77% |     1244
                 (targets/question median 1, visible pool median 2489, tolerance 0s)

paired comparisons at k=20  (win = only this arm found the target)
  full - gazef_05:  +0.0pp  95% CI [ -2.5,  +2.5]  (full only 1, gazef_05 only 1)

recall@20 by need_audio / type / gap  (need_audio=True questions are the ones oracle frames could not fix either)
  need_audio
           False (n= 70)  full   1.4%  gazef_05   0.0%
            True (n= 50)  full   4.0%  gazef_05   6.0%
  type
       EntityLog (n= 24)  full   0.0%  gazef_05   0.0%
     EventRecall (n= 24)  full   0.0%  gazef_05   0.0%
    HabitInsight (n= 24)  full   4.2%  gazef_05   0.0%
     RelationMap (n= 24)  full   0.0%  gazef_05   0.0%
      TaskMaster (n= 24)  full   8.3%  gazef_05  12.5%
  gap_bin
               0 (n= 57)  full   5.3%  gazef_05   3.5%
               1 (n= 33)  full   0.0%  gazef_05   3.0%
              2+ (n= 30)  full   0.0%  gazef_05   0.0%

wrote experiments/gaze_crop/results/recall_tol0.json
wrote /home/minyoy/WorldMM/experiments/gaze_crop/analysis/recall_question.md
################ tolerance 30s ################
arms: ['full', 'gazef_05']  (dim 1536)
  full: 6223 clips
  gazef_05: 6222 clips

target tolerance 30s: targets per question went 1 -> 3 (median), max 9. Recall below is NOT comparable to the strict table; use the chance column.

questions: 120 | scorable in every arm: 120

recall@k over 120 questions (union over the question's queries)
           arm | @1       | @3       | @5       | @10      | @20      | @50      | med.rank
-------------------------------------------------------------------------------------------
          full |    0.0% |    0.8% |    0.8% |    2.5% |    4.2% |    8.3% |      554
      gazef_05 |    0.8% |    3.3% |    3.3% |    4.2% |    5.0% |    9.2% |      489
        chance |   0.28% |   0.84% |   1.40% |   2.81% |   5.61% |  13.57% |     1244
                 (targets/question median 3, visible pool median 2489, tolerance 30s)

paired comparisons at k=20  (win = only this arm found the target)
  full - gazef_05:  -0.8pp  95% CI [ -4.2,  +2.5]  (full only 2, gazef_05 only 3)

recall@20 by need_audio / type / gap  (need_audio=True questions are the ones oracle frames could not fix either)
  need_audio
           False (n= 70)  full   4.3%  gazef_05   2.9%
            True (n= 50)  full   4.0%  gazef_05   8.0%
  type
       EntityLog (n= 24)  full   4.2%  gazef_05   4.2%
     EventRecall (n= 24)  full   0.0%  gazef_05   0.0%
    HabitInsight (n= 24)  full   8.3%  gazef_05   4.2%
     RelationMap (n= 24)  full   0.0%  gazef_05   4.2%
      TaskMaster (n= 24)  full   8.3%  gazef_05  12.5%
  gap_bin
               0 (n= 57)  full   7.0%  gazef_05   8.8%
               1 (n= 33)  full   3.0%  gazef_05   3.0%
              2+ (n= 30)  full   0.0%  gazef_05   0.0%

wrote experiments/gaze_crop/results/recall_tol30.json
wrote /home/minyoy/WorldMM/experiments/gaze_crop/analysis/recall_question.md
################ tolerance 60s ################
arms: ['full', 'gazef_05']  (dim 1536)
  full: 6223 clips
  gazef_05: 6222 clips

target tolerance 60s: targets per question went 1 -> 5 (median), max 15. Recall below is NOT comparable to the strict table; use the chance column.

questions: 120 | scorable in every arm: 120

recall@k over 120 questions (union over the question's queries)
           arm | @1       | @3       | @5       | @10      | @20      | @50      | med.rank
-------------------------------------------------------------------------------------------
          full |    0.0% |    0.8% |    0.8% |    3.3% |    6.7% |   11.7% |      415
      gazef_05 |    0.8% |    4.2% |    4.2% |    5.0% |    7.5% |   12.5% |      368
        chance |   0.46% |   1.39% |   2.31% |   4.62% |   9.20% |  20.78% |     1244
                 (targets/question median 5, visible pool median 2489, tolerance 60s)

paired comparisons at k=20  (win = only this arm found the target)
  full - gazef_05:  -0.8pp  95% CI [ -5.8,  +4.2]  (full only 4, gazef_05 only 5)

recall@20 by need_audio / type / gap  (need_audio=True questions are the ones oracle frames could not fix either)
  need_audio
           False (n= 70)  full   5.7%  gazef_05   5.7%
            True (n= 50)  full   8.0%  gazef_05  10.0%
  type
       EntityLog (n= 24)  full   8.3%  gazef_05   8.3%
     EventRecall (n= 24)  full   4.2%  gazef_05   4.2%
    HabitInsight (n= 24)  full   8.3%  gazef_05   8.3%
     RelationMap (n= 24)  full   0.0%  gazef_05   4.2%
      TaskMaster (n= 24)  full  12.5%  gazef_05  12.5%
  gap_bin
               0 (n= 57)  full  10.5%  gazef_05  12.3%
               1 (n= 33)  full   6.1%  gazef_05   6.1%
              2+ (n= 30)  full   0.0%  gazef_05   0.0%

wrote experiments/gaze_crop/results/recall_tol60.json
wrote /home/minyoy/WorldMM/experiments/gaze_crop/analysis/recall_question.md
################ tolerance 300s ################
arms: ['full', 'gazef_05']  (dim 1536)
  full: 6223 clips
  gazef_05: 6222 clips

target tolerance 300s: targets per question went 1 -> 21 (median), max 42. Recall below is NOT comparable to the strict table; use the chance column.

questions: 120 | scorable in every arm: 120

recall@k over 120 questions (union over the question's queries)
           arm | @1       | @3       | @5       | @10      | @20      | @50      | med.rank
-------------------------------------------------------------------------------------------
          full |    2.5% |    4.2% |    5.0% |    8.3% |   15.8% |   25.8% |      142
      gazef_05 |    1.7% |    6.7% |    8.3% |   10.0% |   16.7% |   28.3% |      142
        chance |   1.85% |   5.56% |   9.19% |  17.12% |  30.09% |  52.28% |     1244
                 (targets/question median 21, visible pool median 2489, tolerance 300s)

paired comparisons at k=20  (win = only this arm found the target)
  full - gazef_05:  -0.8pp  95% CI [ -7.5,  +5.0]  (full only 7, gazef_05 only 8)

recall@20 by need_audio / type / gap  (need_audio=True questions are the ones oracle frames could not fix either)
  need_audio
           False (n= 70)  full  14.3%  gazef_05  11.4%
            True (n= 50)  full  18.0%  gazef_05  24.0%
  type
       EntityLog (n= 24)  full  16.7%  gazef_05   8.3%
     EventRecall (n= 24)  full   4.2%  gazef_05   8.3%
    HabitInsight (n= 24)  full  29.2%  gazef_05  25.0%
     RelationMap (n= 24)  full   4.2%  gazef_05  12.5%
      TaskMaster (n= 24)  full  25.0%  gazef_05  29.2%
  gap_bin
               0 (n= 57)  full  21.1%  gazef_05  22.8%
               1 (n= 33)  full  15.2%  gazef_05  15.2%
              2+ (n= 30)  full   6.7%  gazef_05   6.7%

wrote experiments/gaze_crop/results/recall_tol300.json
wrote /home/minyoy/WorldMM/experiments/gaze_crop/analysis/recall_question.md
